// Jest Snapshot v1, https://goo.gl/fbAQLP

exports[`NowLoadingのレンダリングテスト NowLoadingが正しくレンダリングされているか 1`] = `
<div>
  <div
    class="w-fit animate-pulse text-3xl font-bold text-white"
    data-testid="nowloading"
  >
    ...NowLoading
  </div>
</div>
`;
