// Jest Snapshot v1, https://goo.gl/fbAQLP

exports[`Spinnerの単体テスト スナップショットテスト 1`] = `
<div>
  <div
    class="my-16 flex justify-center"
  >
    <div
      class="h-10 w-10 animate-spin rounded-full border-4 border-gray-500 border-t-gray-200"
    />
  </div>
</div>
`;
