// Jest Snapshot v1, https://goo.gl/fbAQLP

exports[`PageTitle スナップショットテスト 1`] = `
<div>
  <h1
    class="text-3xl lg:text-4xl pt-[3.62rem] text-white row-start-1 lg:col-start-2 lg:col-end-4 self-center "
  >
    初級編:GitHub Flow
  </h1>
</div>
`;
