// Jest Snapshot v1, https://goo.gl/fbAQLP

exports[`HowToPage HowToPageが正しく表示されているか 1`] = `
<div>
  <main
    class="md:px-12 lg:px-40 pb-24"
  >
    <h1
      class="text-4xl md:text-6xl xl:text-8xl font-bold text-center text-white pt-[7.5rem]"
    >
      Git Emptyの遊び方
    </h1>
    <figure
      class="relative max-w-4xl mx-auto  container mt-24 md:mt-[11.25rem]"
    >
      <img
        alt="Git Emptyの遊び方参考画像"
        class="w-full h-auto transition-all"
        data-nimg="1"
        decoding="async"
        fetchpriority="high"
        height="856"
        sizes="100vw"
        src="/_next/image?url=%2Fimg.jpg&w=3840&q=75"
        srcset="/_next/image?url=%2Fimg.jpg&w=640&q=75 640w, /_next/image?url=%2Fimg.jpg&w=750&q=75 750w, /_next/image?url=%2Fimg.jpg&w=828&q=75 828w, /_next/image?url=%2Fimg.jpg&w=1080&q=75 1080w, /_next/image?url=%2Fimg.jpg&w=1200&q=75 1200w, /_next/image?url=%2Fimg.jpg&w=1920&q=75 1920w, /_next/image?url=%2Fimg.jpg&w=2048&q=75 2048w, /_next/image?url=%2Fimg.jpg&w=3840&q=75 3840w"
        style="color: transparent; object-fit: cover; transition: all 0.25s ease-in-out; background-size: cover; background-position: 50% 50%; background-repeat: no-repeat;"
        width="1605"
      />
    </figure>
    <div
      class="max-w-4xl mx-auto"
    >
      <div
        class="pt-[7.5rem] text-base space-y-4 text-white"
      >
        <p>
          コンソール上部にGitの練習課題が表示されるので該当するgitコマンドを入力してEnterを押してください。
        </p>
        <p>
          分からない時は右上の検索窓から検索してみてください。
        </p>
      </div>
      <div
        class="text-white mt-[5.62rem]"
      >
        <h2
          class="text-3xl font-bold"
        >
          フォルダ名、リモート名などの注意
        </h2>
        <p
          class="text-base mt-[2.25rem]"
        >
          リモートリポジトリのURLは「URL」と打ってください
          <br />
          例:git remote add origin URL
        </p>
        <p
          class="text-base mt-4"
        >
          フォルダ名を指定する場合は「.」と打ってください
          <br />
          例:git add .
        </p>
      </div>
      <div
        class="w-fit mx-auto mt-[5.62rem]"
      >
        <a
          class="text-white block w-fit text-base md:text-2xl rounded-[2.8125rem] py-2 px-5 md:py-4 md:px-10
      font-normal hover:after:content-[""] hover:after:bg-white after:transition-all after:block
      after:h-[1px] after:w-full after:scale-0 hover:after:scale-100
      bg-primary false"
          href="/difficulty"
        >
          Let's Play!
        </a>
      </div>
    </div>
  </main>
</div>
`;
